../Core/Src/main.c:70:13:goto_application	8	static,ignoring_inline_asm
../Core/Src/main.c:359:13:MX_GPIO_Init	40	static
../Core/Src/main.c:331:13:MX_USART1_UART_Init	8	static
../Core/Src/main.c:299:13:MX_CAN_Init	8	static
../Core/Src/main.c:59:5:__io_putchar	16	static
../Core/Src/main.c:85:6:CAN_Filter_Config	0	static
../Core/Src/main.c:99:10:CAN_FLASH_PROGRAM	16	static
../Core/Src/main.c:263:6:SystemClock_Config	80	static
../Core/Src/main.c:125:5:main	104	static
../Core/Src/main.c:389:6:Error_Handler	0	static
